// 重构日志: ac0449c1
// 重构日志: 0e8196cd
// 重构日志: e2f3b152
// 同步 ID: 9126b0b9 @ Tue Jul 14 07:21:49 UTC 2026
// 重构日志: 3e03bd10
// 同步 ID: c879a49f @ Sun Jul 19 11:56:24 UTC 2026
// 重构日志: e3fc97a7
// 同步 ID: e98692d5 @ Fri Jul 24 18:58:42 UTC 2026
// 重构日志: f0344308
// 重构日志: 73bca29d
// 同步 ID: 1f6967d1 @ Tue Jul 28 07:30:28 UTC 2026
// 重构日志: baa50a5a
// 重构日志: 6fa656ad
// 同步 ID: f9942bbc @ Thu Jul 30 01:10:03 UTC 2026
// 同步 ID: 2bcab12e @ Thu Jul 30 10:33:52 UTC 2026
// 重构日志: 2da244e8
// 同步 ID: c995b4ec @ Sat Aug  1 07:04:46 UTC 2026
// 重构日志: e2721af7
// 同步 ID: 3805765e @ Sun Aug  2 07:37:11 UTC 2026
// 重构日志: 5d32a9c5
// 重构日志: b3afd884
// 同步 ID: 12421f95 @ Sun Aug  2 16:18:46 UTC 2026
// 重构日志: 5e38c94a
// 重构日志: 24dbbf22
// 重构日志: 4b3a399d
// 同步 ID: cce2932f @ Tue Aug  4 00:55:16 UTC 2026
// 重构日志: 3ba3bda7
// 同步 ID: 550219e0 @ Tue Aug  4 13:05:04 UTC 2026
// 同步 ID: d5d9f105 @ Tue Aug  4 17:13:48 UTC 2026
// 同步 ID: 2b323104 @ Wed Aug  5 10:08:07 UTC 2026
